core_cm4.h:2064:26:ITM_SendChar	16	static,ignoring_inline_asm
main.c:118:6:get_sineval	24	static
main.c:125:6:processHalfBuf	16	static
main.c:146:5:main	24	static
main.c:219:6:SystemClock_Config	88	static
main.c:263:13:MX_ADC2_Init	24	static
main.c:313:13:MX_ADC3_Init	24	static
main.c:363:13:MX_DAC_Init	8	static
main.c:401:13:MX_TIM2_Init	32	static
main.c:446:13:MX_TIM8_Init	32	static
main.c:492:13:MX_USART2_UART_Init	8	static
main.c:523:13:MX_DMA_Init	16	static
main.c:551:13:MX_GPIO_Init	24	static
main.c:563:5:_write	32	static
main.c:573:6:MY_TIM_UPDATE	8	static
main.c:578:6:MY_DAC_UPDATE	16	static
main.c:590:6:HAL_DAC_ConvCpltCallbackCh1	16	static
main.c:595:6:HAL_ADC_ConvHalfCpltCallback	16	static
main.c:603:6:HAL_ADC_ConvCpltCallback	16	static
main.c:614:6:HAL_UART_TxCpltCallback	24	static
main.c:631:6:Error_Handler	4	static
